../Drivers/STM32C0xx_HAL_Driver/Src/stm32c0xx_hal_rtc.c:509:13:HAL_RTC_MspInit	0	static
../Drivers/STM32C0xx_HAL_Driver/Src/stm32c0xx_hal_rtc.c:524:13:HAL_RTC_MspDeInit	0	static
../Drivers/STM32C0xx_HAL_Driver/Src/stm32c0xx_hal_rtc.c:1151:19:HAL_RTC_DeactivateAlarm	32	static
../Drivers/STM32C0xx_HAL_Driver/Src/stm32c0xx_hal_rtc.c:1292:13:HAL_RTC_AlarmAEventCallback	0	static
../Drivers/STM32C0xx_HAL_Driver/Src/stm32c0xx_hal_rtc.c:1262:6:HAL_RTC_AlarmIRQHandler	8	static
../Drivers/STM32C0xx_HAL_Driver/Src/stm32c0xx_hal_rtc.c:1308:19:HAL_RTC_PollForAlarmAEvent	24	static
../Drivers/STM32C0xx_HAL_Driver/Src/stm32c0xx_hal_rtc.c:1370:19:HAL_RTC_WaitForSynchro	24	static
../Drivers/STM32C0xx_HAL_Driver/Src/stm32c0xx_hal_rtc.c:1424:21:HAL_RTC_GetState	0	static
../Drivers/STM32C0xx_HAL_Driver/Src/stm32c0xx_hal_rtc.c:1447:19:RTC_EnterInitMode	32	static
../Drivers/STM32C0xx_HAL_Driver/Src/stm32c0xx_hal_rtc.c:1488:19:RTC_ExitInitMode	16	static
../Drivers/STM32C0xx_HAL_Driver/Src/stm32c0xx_hal_rtc.c:183:19:HAL_RTC_Init	16	static
../Drivers/STM32C0xx_HAL_Driver/Src/stm32c0xx_hal_rtc.c:284:19:HAL_RTC_DeInit	16	static
../Drivers/STM32C0xx_HAL_Driver/Src/stm32c0xx_hal_rtc.c:1524:9:RTC_ByteToBcd2	0	static
../Drivers/STM32C0xx_HAL_Driver/Src/stm32c0xx_hal_rtc.c:562:19:HAL_RTC_SetTime	40	static
../Drivers/STM32C0xx_HAL_Driver/Src/stm32c0xx_hal_rtc.c:716:19:HAL_RTC_SetDate	40	static
../Drivers/STM32C0xx_HAL_Driver/Src/stm32c0xx_hal_rtc.c:854:19:HAL_RTC_SetAlarm	40	static
../Drivers/STM32C0xx_HAL_Driver/Src/stm32c0xx_hal_rtc.c:1005:19:HAL_RTC_SetAlarm_IT	40	static
../Drivers/STM32C0xx_HAL_Driver/Src/stm32c0xx_hal_rtc.c:1543:9:RTC_Bcd2ToByte	0	static
../Drivers/STM32C0xx_HAL_Driver/Src/stm32c0xx_hal_rtc.c:672:19:HAL_RTC_GetTime	16	static
../Drivers/STM32C0xx_HAL_Driver/Src/stm32c0xx_hal_rtc.c:800:19:HAL_RTC_GetDate	16	static
../Drivers/STM32C0xx_HAL_Driver/Src/stm32c0xx_hal_rtc.c:1218:19:HAL_RTC_GetAlarm	16	static
