../Drivers/STM32C0xx_HAL_Driver/Src/stm32c0xx_hal_rcc.c:196:19:HAL_RCC_DeInit	16	static
../Drivers/STM32C0xx_HAL_Driver/Src/stm32c0xx_hal_rcc.c:284:19:HAL_RCC_OscConfig	24	static
../Drivers/STM32C0xx_HAL_Driver/Src/stm32c0xx_hal_rcc.c:785:6:HAL_RCC_MCOConfig	48	static
../Drivers/STM32C0xx_HAL_Driver/Src/stm32c0xx_hal_rcc.c:867:10:HAL_RCC_GetSysClockFreq	0	static
../Drivers/STM32C0xx_HAL_Driver/Src/stm32c0xx_hal_rcc.c:589:19:HAL_RCC_ClockConfig	32	static
../Drivers/STM32C0xx_HAL_Driver/Src/stm32c0xx_hal_rcc.c:911:10:HAL_RCC_GetHCLKFreq	0	static
../Drivers/STM32C0xx_HAL_Driver/Src/stm32c0xx_hal_rcc.c:922:10:HAL_RCC_GetPCLK1Freq	0	static
../Drivers/STM32C0xx_HAL_Driver/Src/stm32c0xx_hal_rcc.c:935:6:HAL_RCC_GetOscConfig	0	static
../Drivers/STM32C0xx_HAL_Driver/Src/stm32c0xx_hal_rcc.c:979:6:HAL_RCC_GetClockConfig	12	static
../Drivers/STM32C0xx_HAL_Driver/Src/stm32c0xx_hal_rcc.c:1012:6:HAL_RCC_EnableCSS	0	static
../Drivers/STM32C0xx_HAL_Driver/Src/stm32c0xx_hal_rcc.c:1028:6:HAL_RCC_EnableLSECSS	0	static
../Drivers/STM32C0xx_HAL_Driver/Src/stm32c0xx_hal_rcc.c:1039:6:HAL_RCC_DisableLSECSS	0	static
../Drivers/STM32C0xx_HAL_Driver/Src/stm32c0xx_hal_rcc.c:1075:13:HAL_RCC_CSSCallback	0	static
../Drivers/STM32C0xx_HAL_Driver/Src/stm32c0xx_hal_rcc.c:1086:13:HAL_RCC_LSECSSCallback	0	static
../Drivers/STM32C0xx_HAL_Driver/Src/stm32c0xx_hal_rcc.c:1049:6:HAL_RCC_NMI_IRQHandler	8	static
