../App/app_main.c:123:6:HAL_GPIO_EXTI_Rising_Callback	8	static
../App/app_main.c:140:6:HAL_GPIO_EXTI_Falling_Callback	8	static
../App/app_main.c:161:6:HAL_RTC_AlarmAEventCallback	8	static
../App/app_main.c:173:6:openValve	16	static
../App/app_main.c:192:6:closeValve	16	static
../App/app_main.c:228:10:measureBattery	32	static
../App/app_main.c:263:6:statusled	16	static
../App/app_main.c:273:6:batteryled	16	static
../App/app_main.c:283:6:alert	16	static
../App/app_main.c:293:6:console	8	static
../App/app_main.c:212:6:resetFloodEvent	8	static
../App/app_main.c:251:6:monitorBattery	16	static
../App/app_main.c:44:5:app_main	24	static
