../Core/Src/stm32c0xx_hal_msp.c:66:6:HAL_MspInit	8	static
../Core/Src/stm32c0xx_hal_msp.c:88:6:HAL_ADC_MspInit	64	static
../Core/Src/stm32c0xx_hal_msp.c:132:6:HAL_ADC_MspDeInit	8	static
../Core/Src/stm32c0xx_hal_msp.c:160:6:HAL_RTC_MspInit	40	static
../Core/Src/stm32c0xx_hal_msp.c:197:6:HAL_RTC_MspDeInit	8	static
../Core/Src/stm32c0xx_hal_msp.c:223:6:HAL_TIM_PWM_MspInit	16	static
../Core/Src/stm32c0xx_hal_msp.c:248:6:HAL_TIM_Base_MspInit	16	static
../Core/Src/stm32c0xx_hal_msp.c:267:6:HAL_TIM_MspPostInit	32	static
../Core/Src/stm32c0xx_hal_msp.c:299:6:HAL_TIM_PWM_MspDeInit	8	static
../Core/Src/stm32c0xx_hal_msp.c:324:6:HAL_TIM_Base_MspDeInit	8	static
../Core/Src/stm32c0xx_hal_msp.c:349:6:HAL_UART_MspInit	40	static
../Core/Src/stm32c0xx_hal_msp.c:385:6:HAL_UART_MspDeInit	8	static
