../App/app_main.c:41:6:app_main	24	static
../App/app_main.c:135:6:HAL_GPIO_EXTI_Falling_Callback	16	static
../App/app_main.c:157:6:HAL_TIM_PeriodElapsedCallback	16	static
../App/app_main.c:167:6:openValve	16	static
../App/app_main.c:186:6:closeValve	16	static
../App/app_main.c:204:10:measureBattery	16	static
../App/app_main.c:226:6:monitorBattery	24	static
../App/app_main.c:236:6:statusled	8	static
../App/app_main.c:245:6:batteryled	8	static
../App/app_main.c:255:6:alert	8	static
../App/app_main.c:265:6:console	16	static
